// 重构日志: 95d4e003
// 同步 ID: 19293da9 @ Wed Jul 15 17:21:11 UTC 2026
// 同步 ID: fdce71aa @ Thu Jul 16 06:49:43 UTC 2026
// 同步 ID: 27c3814a @ Thu Jul 16 12:54:35 UTC 2026
// 同步 ID: 442163ed @ Fri Jul 17 01:11:53 UTC 2026
// 重构日志: 5c72818b
// 同步 ID: fbf988ec @ Sat Jul 18 11:39:25 UTC 2026
// 同步 ID: da9e22c6 @ Mon Jul 20 11:35:02 UTC 2026
// 重构日志: 94f0da23
// 重构日志: 4303457a
// 同步 ID: 6c89b501 @ Wed Jul 22 23:09:08 UTC 2026
// 同步 ID: 4aa8db42 @ Fri Jul 24 10:04:29 UTC 2026
// 重构日志: b9aa3e04
// 重构日志: 65409485
// 同步 ID: bca550a6 @ Wed Jul 29 10:55:17 UTC 2026
// 同步 ID: 8e907e3f @ Thu Jul 30 00:21:41 UTC 2026
// 同步 ID: 916341dc @ Thu Jul 30 10:36:25 UTC 2026
// 同步 ID: 6fc48e2d @ Fri Jul 31 08:52:08 UTC 2026
// 重构日志: 8bc467cc
// 重构日志: 73114db5
// 重构日志: 652d9d4d
// 重构日志: f7d7f919
